2026-08-27 18:35:11,451 INFO [app] Logging configured (level=INFO, dir=C:\WorkersUnionApp\backend\logs) (logging_config.py:36)
2026-08-27 18:35:11,452 WARNING [app] SECRET_KEY is using the INSECURE default. Set SECRET_KEY (and JWT_SECRET_KEY) as environment variables before deploying to production. (app.py:20)
2026-08-27 18:35:12,245 INFO [app] Database tables verified/created (app.py:107)
2026-08-27 18:35:12,246 INFO [app] Workers Union App started (env=production) (app.py:113)
2026-08-27 18:35:12,383 INFO [app] Logging configured (level=INFO, dir=C:\WorkersUnionApp\backend\logs) (logging_config.py:36)
2026-08-27 18:35:12,383 WARNING [app] SECRET_KEY is using the INSECURE default. Set SECRET_KEY (and JWT_SECRET_KEY) as environment variables before deploying to production. (app.py:20)
2026-08-27 18:35:12,412 INFO [app] Database tables verified/created (app.py:107)
2026-08-27 18:35:12,413 INFO [app] Workers Union App started (env=testing) (app.py:113)
2026-08-27 18:35:12,688 INFO [routes.auth] New union registered: Test Workers Union (UNI001), admin=admin1 (auth.py:67)
2026-08-27 18:35:12,943 INFO [routes.auth] [API] User admin1 (union UNI001) logged in (auth.py:331)
2026-08-27 18:35:12,982 INFO [app] Logging configured (level=INFO, dir=C:\WorkersUnionApp\backend\logs) (logging_config.py:36)
2026-08-27 18:35:12,983 WARNING [app] SECRET_KEY is using the INSECURE default. Set SECRET_KEY (and JWT_SECRET_KEY) as environment variables before deploying to production. (app.py:20)
2026-08-27 18:35:13,059 INFO [app] Database tables verified/created (app.py:107)
2026-08-27 18:35:13,060 INFO [app] Workers Union App started (env=testing) (app.py:113)
2026-08-27 18:35:13,279 INFO [routes.auth] New union registered: Test Workers Union (UNI001), admin=admin1 (auth.py:67)
2026-08-27 18:35:13,332 INFO [app] Logging configured (level=INFO, dir=C:\WorkersUnionApp\backend\logs) (logging_config.py:36)
2026-08-27 18:35:13,332 WARNING [app] SECRET_KEY is using the INSECURE default. Set SECRET_KEY (and JWT_SECRET_KEY) as environment variables before deploying to production. (app.py:20)
2026-08-27 18:35:13,361 INFO [app] Database tables verified/created (app.py:107)
2026-08-27 18:35:13,362 INFO [app] Workers Union App started (env=testing) (app.py:113)
2026-08-27 18:35:13,583 INFO [routes.auth] New union registered: Test Workers Union (UNI001), admin=admin1 (auth.py:67)
2026-08-27 18:35:13,812 INFO [routes.auth] [API] Worker self-registered: worker1 in union UNI001 (pending approval) (auth.py:303)
2026-08-27 18:35:14,047 INFO [app] Logging configured (level=INFO, dir=C:\WorkersUnionApp\backend\logs) (logging_config.py:36)
2026-08-27 18:35:14,047 WARNING [app] SECRET_KEY is using the INSECURE default. Set SECRET_KEY (and JWT_SECRET_KEY) as environment variables before deploying to production. (app.py:20)
2026-08-27 18:35:14,087 INFO [app] Database tables verified/created (app.py:107)
2026-08-27 18:35:14,088 INFO [app] Workers Union App started (env=testing) (app.py:113)
2026-08-27 18:35:14,306 INFO [routes.auth] New union registered: Test Workers Union (UNI001), admin=admin1 (auth.py:67)
2026-08-27 18:35:14,535 INFO [routes.auth] [API] Worker self-registered: worker1 in union UNI001 (pending approval) (auth.py:303)
2026-08-27 18:35:14,747 INFO [routes.auth] [API] User admin1 (union UNI001) logged in (auth.py:331)
2026-08-27 18:35:14,970 INFO [routes.auth] [API] User worker1 (union UNI001) logged in (auth.py:331)
2026-08-27 18:35:14,976 INFO [app] Logging configured (level=INFO, dir=C:\WorkersUnionApp\backend\logs) (logging_config.py:36)
2026-08-27 18:35:14,976 WARNING [app] SECRET_KEY is using the INSECURE default. Set SECRET_KEY (and JWT_SECRET_KEY) as environment variables before deploying to production. (app.py:20)
2026-08-27 18:35:15,012 INFO [app] Database tables verified/created (app.py:107)
2026-08-27 18:35:15,013 INFO [app] Workers Union App started (env=testing) (app.py:113)
2026-08-27 18:35:15,237 INFO [routes.auth] New union registered: Test Workers Union (UNI001), admin=admin1 (auth.py:67)
2026-08-27 18:35:15,470 INFO [app] Logging configured (level=INFO, dir=C:\WorkersUnionApp\backend\logs) (logging_config.py:36)
2026-08-27 18:35:15,470 WARNING [app] SECRET_KEY is using the INSECURE default. Set SECRET_KEY (and JWT_SECRET_KEY) as environment variables before deploying to production. (app.py:20)
2026-08-27 18:35:15,502 INFO [app] Database tables verified/created (app.py:107)
2026-08-27 18:35:15,503 INFO [app] Workers Union App started (env=testing) (app.py:113)
2026-08-27 18:35:15,732 INFO [routes.auth] New union registered: Test Workers Union (UNI001), admin=admin1 (auth.py:67)
2026-08-27 18:35:15,962 INFO [routes.auth] [API] User admin1 (union UNI001) logged in (auth.py:331)
2026-08-27 18:35:15,975 INFO [services.backup_service] Backup created: C:\WorkersUnionApp\backend\backups\backup_union1_20260827_130515.zip (scope=union1) (backup_service.py:73)
2026-08-27 18:35:16,026 INFO [app] Logging configured (level=INFO, dir=C:\WorkersUnionApp\backend\logs) (logging_config.py:36)
2026-08-27 18:35:16,026 WARNING [app] SECRET_KEY is using the INSECURE default. Set SECRET_KEY (and JWT_SECRET_KEY) as environment variables before deploying to production. (app.py:20)
2026-08-27 18:35:16,058 INFO [app] Database tables verified/created (app.py:107)
2026-08-27 18:35:16,059 INFO [app] Workers Union App started (env=testing) (app.py:113)
2026-08-27 18:35:16,285 INFO [routes.auth] New union registered: Test Workers Union (UNI001), admin=admin1 (auth.py:67)
2026-08-27 18:35:16,530 INFO [routes.auth] [API] User admin1 (union UNI001) logged in (auth.py:331)
2026-08-27 18:35:16,541 INFO [app] Logging configured (level=INFO, dir=C:\WorkersUnionApp\backend\logs) (logging_config.py:36)
2026-08-27 18:35:16,542 WARNING [app] SECRET_KEY is using the INSECURE default. Set SECRET_KEY (and JWT_SECRET_KEY) as environment variables before deploying to production. (app.py:20)
2026-08-27 18:35:16,575 INFO [app] Database tables verified/created (app.py:107)
2026-08-27 18:35:16,576 INFO [app] Workers Union App started (env=testing) (app.py:113)
2026-08-27 18:35:16,798 INFO [routes.auth] New union registered: Test Workers Union (UNI001), admin=admin1 (auth.py:67)
2026-08-27 18:35:17,026 INFO [routes.auth] [API] Worker self-registered: worker1 in union UNI001 (pending approval) (auth.py:303)
2026-08-27 18:35:17,238 INFO [routes.auth] [API] User admin1 (union UNI001) logged in (auth.py:331)
2026-08-27 18:35:17,458 INFO [routes.auth] [API] User worker1 (union UNI001) logged in (auth.py:331)
2026-08-27 18:35:17,511 INFO [app] Logging configured (level=INFO, dir=C:\WorkersUnionApp\backend\logs) (logging_config.py:36)
2026-08-27 18:35:17,512 WARNING [app] SECRET_KEY is using the INSECURE default. Set SECRET_KEY (and JWT_SECRET_KEY) as environment variables before deploying to production. (app.py:20)
2026-08-27 18:35:17,543 INFO [app] Database tables verified/created (app.py:107)
2026-08-27 18:35:17,543 INFO [app] Workers Union App started (env=testing) (app.py:113)
2026-08-27 18:35:17,782 INFO [routes.auth] New union registered: Test Workers Union (UNI001), admin=admin1 (auth.py:67)
2026-08-27 18:35:18,024 INFO [routes.auth] [API] Worker self-registered: worker1 in union UNI001 (pending approval) (auth.py:303)
2026-08-27 18:35:18,252 INFO [routes.auth] [API] User admin1 (union UNI001) logged in (auth.py:331)
2026-08-27 18:35:18,471 INFO [routes.auth] [API] User worker1 (union UNI001) logged in (auth.py:331)
2026-08-27 18:35:18,536 INFO [app] Logging configured (level=INFO, dir=C:\WorkersUnionApp\backend\logs) (logging_config.py:36)
2026-08-27 18:35:18,536 WARNING [app] SECRET_KEY is using the INSECURE default. Set SECRET_KEY (and JWT_SECRET_KEY) as environment variables before deploying to production. (app.py:20)
2026-08-27 18:35:18,567 INFO [app] Database tables verified/created (app.py:107)
2026-08-27 18:35:18,568 INFO [app] Workers Union App started (env=testing) (app.py:113)
2026-08-27 18:35:18,789 INFO [routes.auth] New union registered: Test Workers Union (UNI001), admin=admin1 (auth.py:67)
2026-08-27 18:35:19,011 INFO [routes.auth] [API] Worker self-registered: worker1 in union UNI001 (pending approval) (auth.py:303)
2026-08-27 18:35:19,203 INFO [routes.auth] [API] User admin1 (union UNI001) logged in (auth.py:331)
2026-08-27 18:35:19,384 INFO [routes.auth] [API] User worker1 (union UNI001) logged in (auth.py:331)
2026-08-27 18:35:19,394 INFO [app] Logging configured (level=INFO, dir=C:\WorkersUnionApp\backend\logs) (logging_config.py:36)
2026-08-27 18:35:19,394 WARNING [app] SECRET_KEY is using the INSECURE default. Set SECRET_KEY (and JWT_SECRET_KEY) as environment variables before deploying to production. (app.py:20)
2026-08-27 18:35:19,419 INFO [app] Database tables verified/created (app.py:107)
2026-08-27 18:35:19,420 INFO [app] Workers Union App started (env=testing) (app.py:113)
2026-08-27 18:35:19,590 INFO [routes.auth] New union registered: Test Workers Union (UNI001), admin=admin1 (auth.py:67)
2026-08-27 18:35:19,767 INFO [routes.auth] [API] Worker self-registered: worker1 in union UNI001 (pending approval) (auth.py:303)
2026-08-27 18:35:19,935 INFO [routes.auth] [API] User admin1 (union UNI001) logged in (auth.py:331)
2026-08-27 18:35:20,107 INFO [routes.auth] [API] User worker1 (union UNI001) logged in (auth.py:331)
2026-08-27 18:35:20,270 INFO [routes.auth] [API] Worker self-registered: worker2 in union UNI001 (pending approval) (auth.py:303)
2026-08-27 18:35:20,435 INFO [routes.auth] [API] User admin1 (union UNI001) logged in (auth.py:331)
2026-08-27 18:35:20,448 INFO [app] Logging configured (level=INFO, dir=C:\WorkersUnionApp\backend\logs) (logging_config.py:36)
2026-08-27 18:35:20,448 WARNING [app] SECRET_KEY is using the INSECURE default. Set SECRET_KEY (and JWT_SECRET_KEY) as environment variables before deploying to production. (app.py:20)
2026-08-27 18:35:20,471 INFO [app] Database tables verified/created (app.py:107)
2026-08-27 18:35:20,472 INFO [app] Workers Union App started (env=testing) (app.py:113)
2026-08-27 18:35:20,642 INFO [routes.auth] New union registered: Test Workers Union (UNI001), admin=admin1 (auth.py:67)
2026-08-27 18:35:20,820 INFO [routes.auth] [API] Worker self-registered: worker1 in union UNI001 (pending approval) (auth.py:303)
2026-08-27 18:35:20,987 INFO [routes.auth] [API] User admin1 (union UNI001) logged in (auth.py:331)
2026-08-27 18:35:21,159 INFO [routes.auth] [API] User worker1 (union UNI001) logged in (auth.py:331)
2026-08-27 18:35:21,323 INFO [routes.auth] [API] User admin1 (union UNI001) logged in (auth.py:331)
2026-08-27 18:35:21,327 INFO [services.notification_service] Notification #1 created for union_id=1 by user_id=1 (notification_service.py:23)
2026-08-27 18:35:21,337 INFO [app] Logging configured (level=INFO, dir=C:\WorkersUnionApp\backend\logs) (logging_config.py:36)
2026-08-27 18:35:21,338 WARNING [app] SECRET_KEY is using the INSECURE default. Set SECRET_KEY (and JWT_SECRET_KEY) as environment variables before deploying to production. (app.py:20)
2026-08-27 18:35:21,360 INFO [app] Database tables verified/created (app.py:107)
2026-08-27 18:35:21,361 INFO [app] Workers Union App started (env=testing) (app.py:113)
2026-08-27 18:35:21,531 INFO [routes.auth] New union registered: Test Workers Union (UNI001), admin=admin1 (auth.py:67)
2026-08-27 18:35:21,723 INFO [routes.auth] [API] Worker self-registered: worker1 in union UNI001 (pending approval) (auth.py:303)
2026-08-27 18:35:21,890 INFO [routes.auth] [API] User admin1 (union UNI001) logged in (auth.py:331)
2026-08-27 18:35:22,059 INFO [routes.auth] [API] User worker1 (union UNI001) logged in (auth.py:331)
2026-08-27 18:38:12,300 INFO [app] Logging configured (level=INFO, dir=C:\WorkersUnionApp\backend\logs) (logging_config.py:36)
2026-08-27 18:38:12,300 WARNING [__main__] SECRET_KEY is using the INSECURE default. Set SECRET_KEY (and JWT_SECRET_KEY) as environment variables before deploying to production. (app.py:20)
2026-08-27 18:38:12,605 INFO [__main__] Database tables verified/created (app.py:107)
2026-08-27 18:38:12,605 INFO [__main__] Workers Union App started (env=production) (app.py:113)
2026-08-27 19:59:16,731 INFO [flask_wtf.csrf] The CSRF token is missing. (csrf.py:288)
2026-08-27 20:36:08,335 INFO [app] Logging configured (level=INFO, dir=C:\WorkersUnionApp\backend\logs) (logging_config.py:36)
2026-08-27 20:36:08,336 WARNING [app] SECRET_KEY is using the INSECURE default. Set SECRET_KEY (and JWT_SECRET_KEY) as environment variables before deploying to production. (app.py:20)
2026-08-27 20:36:09,295 INFO [app] Database tables verified/created (app.py:107)
2026-08-27 20:36:09,295 INFO [app] Workers Union App started (env=production) (app.py:113)
2026-08-27 20:36:09,439 INFO [app] Logging configured (level=INFO, dir=C:\WorkersUnionApp\backend\logs) (logging_config.py:36)
2026-08-27 20:36:09,440 WARNING [app] SECRET_KEY is using the INSECURE default. Set SECRET_KEY (and JWT_SECRET_KEY) as environment variables before deploying to production. (app.py:20)
2026-08-27 20:36:09,475 INFO [app] Database tables verified/created (app.py:107)
2026-08-27 20:36:09,477 INFO [app] Workers Union App started (env=testing) (app.py:113)
2026-08-27 20:36:09,741 INFO [routes.auth] New union registered: Test Workers Union (UNI001), admin=admin1 (auth.py:67)
2026-08-27 20:36:10,003 INFO [routes.auth] [API] User admin1 (union UNI001) logged in (auth.py:331)
2026-08-27 20:36:10,088 INFO [app] Logging configured (level=INFO, dir=C:\WorkersUnionApp\backend\logs) (logging_config.py:36)
2026-08-27 20:36:10,089 WARNING [app] SECRET_KEY is using the INSECURE default. Set SECRET_KEY (and JWT_SECRET_KEY) as environment variables before deploying to production. (app.py:20)
2026-08-27 20:36:10,166 INFO [app] Database tables verified/created (app.py:107)
2026-08-27 20:36:10,167 INFO [app] Workers Union App started (env=testing) (app.py:113)
2026-08-27 20:36:10,391 INFO [routes.auth] New union registered: Test Workers Union (UNI001), admin=admin1 (auth.py:67)
2026-08-27 20:36:10,416 INFO [app] Logging configured (level=INFO, dir=C:\WorkersUnionApp\backend\logs) (logging_config.py:36)
2026-08-27 20:36:10,416 WARNING [app] SECRET_KEY is using the INSECURE default. Set SECRET_KEY (and JWT_SECRET_KEY) as environment variables before deploying to production. (app.py:20)
2026-08-27 20:36:10,450 INFO [app] Database tables verified/created (app.py:107)
2026-08-27 20:36:10,450 INFO [app] Workers Union App started (env=testing) (app.py:113)
2026-08-27 20:36:10,663 INFO [routes.auth] New union registered: Test Workers Union (UNI001), admin=admin1 (auth.py:67)
2026-08-27 20:36:10,893 INFO [routes.auth] [API] Worker self-registered: worker1 in union UNI001 (pending approval) (auth.py:303)
2026-08-27 20:36:11,108 INFO [app] Logging configured (level=INFO, dir=C:\WorkersUnionApp\backend\logs) (logging_config.py:36)
2026-08-27 20:36:11,108 WARNING [app] SECRET_KEY is using the INSECURE default. Set SECRET_KEY (and JWT_SECRET_KEY) as environment variables before deploying to production. (app.py:20)
2026-08-27 20:36:11,145 INFO [app] Database tables verified/created (app.py:107)
2026-08-27 20:36:11,145 INFO [app] Workers Union App started (env=testing) (app.py:113)
2026-08-27 20:36:11,359 INFO [routes.auth] New union registered: Test Workers Union (UNI001), admin=admin1 (auth.py:67)
2026-08-27 20:36:11,579 INFO [routes.auth] [API] Worker self-registered: worker1 in union UNI001 (pending approval) (auth.py:303)
2026-08-27 20:36:11,786 INFO [routes.auth] [API] User admin1 (union UNI001) logged in (auth.py:331)
2026-08-27 20:36:11,999 INFO [routes.auth] [API] User worker1 (union UNI001) logged in (auth.py:331)
2026-08-27 20:36:12,006 INFO [app] Logging configured (level=INFO, dir=C:\WorkersUnionApp\backend\logs) (logging_config.py:36)
2026-08-27 20:36:12,006 WARNING [app] SECRET_KEY is using the INSECURE default. Set SECRET_KEY (and JWT_SECRET_KEY) as environment variables before deploying to production. (app.py:20)
2026-08-27 20:36:12,041 INFO [app] Database tables verified/created (app.py:107)
2026-08-27 20:36:12,042 INFO [app] Workers Union App started (env=testing) (app.py:113)
2026-08-27 20:36:12,255 INFO [routes.auth] New union registered: Test Workers Union (UNI001), admin=admin1 (auth.py:67)
2026-08-27 20:36:12,486 INFO [app] Logging configured (level=INFO, dir=C:\WorkersUnionApp\backend\logs) (logging_config.py:36)
2026-08-27 20:36:12,486 WARNING [app] SECRET_KEY is using the INSECURE default. Set SECRET_KEY (and JWT_SECRET_KEY) as environment variables before deploying to production. (app.py:20)
2026-08-27 20:36:12,519 INFO [app] Database tables verified/created (app.py:107)
2026-08-27 20:36:12,520 INFO [app] Workers Union App started (env=testing) (app.py:113)
2026-08-27 20:36:12,734 INFO [routes.auth] New union registered: Test Workers Union (UNI001), admin=admin1 (auth.py:67)
2026-08-27 20:36:12,953 INFO [routes.auth] [API] User admin1 (union UNI001) logged in (auth.py:331)
2026-08-27 20:36:12,966 INFO [services.backup_service] Backup created: C:\WorkersUnionApp\backend\backups\backup_union1_20260827_150612.zip (scope=union1) (backup_service.py:73)
2026-08-27 20:36:13,020 INFO [app] Logging configured (level=INFO, dir=C:\WorkersUnionApp\backend\logs) (logging_config.py:36)
2026-08-27 20:36:13,020 WARNING [app] SECRET_KEY is using the INSECURE default. Set SECRET_KEY (and JWT_SECRET_KEY) as environment variables before deploying to production. (app.py:20)
2026-08-27 20:36:13,062 INFO [app] Database tables verified/created (app.py:107)
2026-08-27 20:36:13,062 INFO [app] Workers Union App started (env=testing) (app.py:113)
2026-08-27 20:36:13,299 INFO [routes.auth] New union registered: Test Workers Union (UNI001), admin=admin1 (auth.py:67)
2026-08-27 20:36:13,551 INFO [routes.auth] [API] User admin1 (union UNI001) logged in (auth.py:331)
2026-08-27 20:36:13,564 INFO [app] Logging configured (level=INFO, dir=C:\WorkersUnionApp\backend\logs) (logging_config.py:36)
2026-08-27 20:36:13,564 WARNING [app] SECRET_KEY is using the INSECURE default. Set SECRET_KEY (and JWT_SECRET_KEY) as environment variables before deploying to production. (app.py:20)
2026-08-27 20:36:13,603 INFO [app] Database tables verified/created (app.py:107)
2026-08-27 20:36:13,623 INFO [app] Workers Union App started (env=testing) (app.py:113)
2026-08-27 20:36:13,862 INFO [routes.auth] New union registered: Test Workers Union (UNI001), admin=admin1 (auth.py:67)
2026-08-27 20:36:14,104 INFO [routes.auth] [API] Worker self-registered: worker1 in union UNI001 (pending approval) (auth.py:303)
2026-08-27 20:36:14,324 INFO [routes.auth] [API] User admin1 (union UNI001) logged in (auth.py:331)
2026-08-27 20:36:14,567 INFO [routes.auth] [API] User worker1 (union UNI001) logged in (auth.py:331)
2026-08-27 20:36:14,597 INFO [app] Logging configured (level=INFO, dir=C:\WorkersUnionApp\backend\logs) (logging_config.py:36)
2026-08-27 20:36:14,597 WARNING [app] SECRET_KEY is using the INSECURE default. Set SECRET_KEY (and JWT_SECRET_KEY) as environment variables before deploying to production. (app.py:20)
2026-08-27 20:36:14,633 INFO [app] Database tables verified/created (app.py:107)
2026-08-27 20:36:14,634 INFO [app] Workers Union App started (env=testing) (app.py:113)
2026-08-27 20:36:14,878 INFO [routes.auth] New union registered: Test Workers Union (UNI001), admin=admin1 (auth.py:67)
2026-08-27 20:36:15,122 INFO [routes.auth] [API] Worker self-registered: worker1 in union UNI001 (pending approval) (auth.py:303)
2026-08-27 20:36:15,354 INFO [routes.auth] [API] User admin1 (union UNI001) logged in (auth.py:331)
2026-08-27 20:36:15,564 INFO [routes.auth] [API] User worker1 (union UNI001) logged in (auth.py:331)
2026-08-27 20:36:15,657 INFO [app] Logging configured (level=INFO, dir=C:\WorkersUnionApp\backend\logs) (logging_config.py:36)
2026-08-27 20:36:15,657 WARNING [app] SECRET_KEY is using the INSECURE default. Set SECRET_KEY (and JWT_SECRET_KEY) as environment variables before deploying to production. (app.py:20)
2026-08-27 20:36:15,686 INFO [app] Database tables verified/created (app.py:107)
2026-08-27 20:36:15,686 INFO [app] Workers Union App started (env=testing) (app.py:113)
2026-08-27 20:36:15,901 INFO [routes.auth] New union registered: Test Workers Union (UNI001), admin=admin1 (auth.py:67)
2026-08-27 20:36:16,103 INFO [routes.auth] [API] Worker self-registered: worker1 in union UNI001 (pending approval) (auth.py:303)
2026-08-27 20:36:16,276 INFO [routes.auth] [API] User admin1 (union UNI001) logged in (auth.py:331)
2026-08-27 20:36:16,444 INFO [routes.auth] [API] User worker1 (union UNI001) logged in (auth.py:331)
2026-08-27 20:36:16,455 INFO [app] Logging configured (level=INFO, dir=C:\WorkersUnionApp\backend\logs) (logging_config.py:36)
2026-08-27 20:36:16,455 WARNING [app] SECRET_KEY is using the INSECURE default. Set SECRET_KEY (and JWT_SECRET_KEY) as environment variables before deploying to production. (app.py:20)
2026-08-27 20:36:16,480 INFO [app] Database tables verified/created (app.py:107)
2026-08-27 20:36:16,481 INFO [app] Workers Union App started (env=testing) (app.py:113)
2026-08-27 20:36:16,651 INFO [routes.auth] New union registered: Test Workers Union (UNI001), admin=admin1 (auth.py:67)
2026-08-27 20:36:16,826 INFO [routes.auth] [API] Worker self-registered: worker1 in union UNI001 (pending approval) (auth.py:303)
2026-08-27 20:36:16,986 INFO [routes.auth] [API] User admin1 (union UNI001) logged in (auth.py:331)
2026-08-27 20:36:17,149 INFO [routes.auth] [API] User worker1 (union UNI001) logged in (auth.py:331)
2026-08-27 20:36:17,305 INFO [routes.auth] [API] Worker self-registered: worker2 in union UNI001 (pending approval) (auth.py:303)
2026-08-27 20:36:17,462 INFO [routes.auth] [API] User admin1 (union UNI001) logged in (auth.py:331)
2026-08-27 20:36:17,472 INFO [app] Logging configured (level=INFO, dir=C:\WorkersUnionApp\backend\logs) (logging_config.py:36)
2026-08-27 20:36:17,472 WARNING [app] SECRET_KEY is using the INSECURE default. Set SECRET_KEY (and JWT_SECRET_KEY) as environment variables before deploying to production. (app.py:20)
2026-08-27 20:36:17,494 INFO [app] Database tables verified/created (app.py:107)
2026-08-27 20:36:17,495 INFO [app] Workers Union App started (env=testing) (app.py:113)
2026-08-27 20:36:17,658 INFO [routes.auth] New union registered: Test Workers Union (UNI001), admin=admin1 (auth.py:67)
2026-08-27 20:36:17,829 INFO [routes.auth] [API] Worker self-registered: worker1 in union UNI001 (pending approval) (auth.py:303)
2026-08-27 20:36:17,990 INFO [routes.auth] [API] User admin1 (union UNI001) logged in (auth.py:331)
2026-08-27 20:36:18,154 INFO [routes.auth] [API] User worker1 (union UNI001) logged in (auth.py:331)
2026-08-27 20:36:18,310 INFO [routes.auth] [API] User admin1 (union UNI001) logged in (auth.py:331)
2026-08-27 20:36:18,314 INFO [services.notification_service] Notification #1 created for union_id=1 by user_id=1 (notification_service.py:23)
2026-08-27 20:36:18,323 INFO [app] Logging configured (level=INFO, dir=C:\WorkersUnionApp\backend\logs) (logging_config.py:36)
2026-08-27 20:36:18,323 WARNING [app] SECRET_KEY is using the INSECURE default. Set SECRET_KEY (and JWT_SECRET_KEY) as environment variables before deploying to production. (app.py:20)
2026-08-27 20:36:18,346 INFO [app] Database tables verified/created (app.py:107)
2026-08-27 20:36:18,346 INFO [app] Workers Union App started (env=testing) (app.py:113)
2026-08-27 20:36:18,507 INFO [routes.auth] New union registered: Test Workers Union (UNI001), admin=admin1 (auth.py:67)
2026-08-27 20:36:18,690 INFO [routes.auth] [API] Worker self-registered: worker1 in union UNI001 (pending approval) (auth.py:303)
2026-08-27 20:36:18,860 INFO [routes.auth] [API] User admin1 (union UNI001) logged in (auth.py:331)
2026-08-27 20:36:19,020 INFO [routes.auth] [API] User worker1 (union UNI001) logged in (auth.py:331)
